[dotenv@17.2.3] injecting env (2) from .env -- tip: ΓÜÖ∩╕Å  specify custom .env file path with { path: '/custom/path/.env' }
Testing Gemini API with key: AIzaSyAZe1_4nbR1L7bLIOqmvWZP3L0U-YOLv5I
node : Gemini Test Failed: 
[GoogleGenerativeAI Error]: 
Error fetching from https://
generativelanguage.googleapi
s.com/v1beta/models/gemini-1
.5-flash:generateContent: 
[404 Not Found] 
models/gemini-1.5-flash is 
not found for API version 
v1beta, or is not supported 
for generateContent. Call 
ListModels to see the list 
of available models and 
their supported methods.
At line:1 char:1
+ node test-gemini.js 2>&1 
| Out-File -FilePath 
test-output.txt; Get-Co ...
+ ~~~~~~~~~~~~~~~~~~~~~~~~
    + CategoryInfo          
    : NotSpecified: (Gemin  
  i Test Fai...ported met   
 hods.:String) [], Remot    
eException
    + FullyQualifiedErrorId 
    : NativeCommandError
 
